step: 1 | loss: 12.6896 | toks/s: 2204.6
step: 2 | loss: 12.5679 | toks/s: 4461.6
step: 3 | loss: 12.6369 | toks/s: 4365.9
step: 4 | loss: 12.5920 | toks/s: 4361.6
step: 5 | loss: 12.5803 | toks/s: 4360.7
step: 6 | loss: 12.6070 | toks/s: 4399.5
step: 7 | loss: 12.5264 | toks/s: 4371.4
step: 8 | loss: 12.4886 | toks/s: 4314.5
step: 9 | loss: 12.3223 | toks/s: 4356.6
step: 10 | loss: 12.1926 | toks/s: 4321.9
step: 11 | loss: 12.0652 | toks/s: 1165.3
step: 12 | loss: 11.7830 | toks/s: 4380.2
step: 13 | loss: 11.5086 | toks/s: 4368.6
step: 14 | loss: 10.9740 | toks/s: 4385.5
step: 15 | loss: 10.6523 | toks/s: 4377.9
step: 16 | loss: 10.1611 | toks/s: 4386.0
step: 17 | loss: 10.0290 | toks/s: 4341.8
step: 18 | loss: 9.6510 | toks/s: 4334.5
step: 19 | loss: 10.0336 | toks/s: 4371.2
step: 20 | loss: 9.9084 | toks/s: 4355.6
step: 21 | loss: 9.7676 | toks/s: 4351.6
step: 22 | loss: 9.9896 | toks/s: 4294.2
step: 23 | loss: 9.3002 | toks/s: 4347.3
step: 24 | loss: 9.2529 | toks/s: 4343.4
step: 25 | loss: 9.8521 | toks/s: 4345.6
step: 26 | loss: 8.6647 | toks/s: 4338.8
step: 27 | loss: 8.6202 | toks/s: 4369.3
step: 28 | loss: 9.1398 | toks/s: 4359.7
step: 29 | loss: 8.9337 | toks/s: 4321.0
step: 30 | loss: 8.4239 | toks/s: 4385.3
step: 31 | loss: 8.3267 | toks/s: 4363.1
step: 32 | loss: 8.2047 | toks/s: 4342.1
step: 33 | loss: 7.5054 | toks/s: 4357.1
step: 34 | loss: 7.7335 | toks/s: 4347.6
step: 35 | loss: 7.6316 | toks/s: 4358.5
step: 36 | loss: 7.4893 | toks/s: 4356.9
step: 37 | loss: 7.4118 | toks/s: 4355.1
step: 38 | loss: 7.4977 | toks/s: 4337.0
step: 39 | loss: 7.3588 | toks/s: 4046.6
step: 40 | loss: 7.5450 | toks/s: 4324.6
step: 41 | loss: 7.4141 | toks/s: 4360.3
step: 42 | loss: 6.9491 | toks/s: 4365.0
step: 43 | loss: 7.4190 | toks/s: 4374.9
step: 44 | loss: 7.2119 | toks/s: 4344.3
step: 45 | loss: 7.2087 | toks/s: 4293.1
step: 46 | loss: 6.6884 | toks/s: 4055.8
step: 47 | loss: 6.9193 | toks/s: 4370.5
step: 48 | loss: 6.9388 | toks/s: 4363.5
step: 49 | loss: 7.0791 | toks/s: 4342.3
step: 50 | loss: 7.2262 | toks/s: 4015.5
step: 51 | loss: 7.2044 | toks/s: 4097.1
step: 52 | loss: 6.9089 | toks/s: 4348.4
step: 53 | loss: 6.9688 | toks/s: 4360.2
step: 54 | loss: 7.2338 | toks/s: 4367.7
step: 55 | loss: 6.7170 | toks/s: 4347.7
step: 56 | loss: 7.0113 | toks/s: 4322.5
step: 57 | loss: 6.7240 | toks/s: 4397.8
step: 58 | loss: 6.7569 | toks/s: 4341.2
step: 59 | loss: 6.5836 | toks/s: 4302.1
step: 60 | loss: 6.8010 | toks/s: 4371.6
step: 61 | loss: 7.1483 | toks/s: 4358.7
step: 62 | loss: 6.7099 | toks/s: 4300.6
step: 63 | loss: 6.4599 | toks/s: 4304.4
step: 64 | loss: 6.5797 | toks/s: 4351.3
step: 65 | loss: 7.0927 | toks/s: 4357.2
step: 66 | loss: 6.4258 | toks/s: 4312.2
step: 67 | loss: 6.7001 | toks/s: 4363.7
step: 68 | loss: 6.8338 | toks/s: 4371.9
step: 69 | loss: 6.6771 | toks/s: 4370.3
step: 70 | loss: 6.8121 | toks/s: 4351.1
step: 71 | loss: 6.4524 | toks/s: 4375.3
step: 72 | loss: 6.6153 | toks/s: 4340.1
step: 73 | loss: 6.7594 | toks/s: 4363.5
step: 74 | loss: 6.5258 | toks/s: 4357.2
step: 75 | loss: 6.1605 | toks/s: 4292.8
step: 76 | loss: 6.3053 | toks/s: 4132.9
step: 77 | loss: 6.6696 | toks/s: 4375.9
step: 78 | loss: 6.6935 | toks/s: 4353.3
step: 79 | loss: 6.8690 | toks/s: 4341.4
step: 80 | loss: 6.1214 | toks/s: 4340.2
step: 81 | loss: 6.6623 | toks/s: 4380.4
step: 82 | loss: 6.7968 | toks/s: 4368.6
step: 83 | loss: 6.4999 | toks/s: 4365.8
step: 84 | loss: 6.2634 | toks/s: 4358.2
step: 85 | loss: 6.2831 | toks/s: 4343.6
step: 86 | loss: 6.3059 | toks/s: 4347.2
step: 87 | loss: 6.4061 | toks/s: 4314.7
step: 88 | loss: 6.4380 | toks/s: 4300.3
step: 89 | loss: 6.6113 | toks/s: 4344.1
step: 90 | loss: 6.4149 | toks/s: 4370.7
step: 91 | loss: 6.4835 | toks/s: 4373.5
step: 92 | loss: 6.7673 | toks/s: 4353.3
step: 93 | loss: 6.4368 | toks/s: 4337.5
step: 94 | loss: 6.4433 | toks/s: 4333.0
step: 95 | loss: 6.1157 | toks/s: 4075.5
step: 96 | loss: 6.0453 | toks/s: 4169.7
step: 97 | loss: 5.9722 | toks/s: 4364.3
step: 98 | loss: 6.3938 | toks/s: 4312.0
step: 99 | loss: 6.0556 | toks/s: 4364.2
step: 100 | loss: 6.1968 | toks/s: 4297.0
step: 101 | loss: 6.0107 | toks/s: 4358.0
step: 102 | loss: 5.7697 | toks/s: 4334.8
step: 103 | loss: 6.5566 | toks/s: 4319.8
step: 104 | loss: 6.2355 | toks/s: 4374.2
step: 105 | loss: 6.0168 | toks/s: 4318.1
step: 106 | loss: 6.0331 | toks/s: 4327.2
step: 107 | loss: 6.2911 | toks/s: 4332.7
step: 108 | loss: 6.1780 | toks/s: 3946.1
step: 109 | loss: 5.5997 | toks/s: 4339.1
step: 110 | loss: 6.1963 | toks/s: 4362.7
step: 111 | loss: 6.3574 | toks/s: 4343.0
step: 112 | loss: 6.1538 | toks/s: 4368.4
step: 113 | loss: 6.1815 | toks/s: 4326.5
step: 114 | loss: 6.1001 | toks/s: 4344.1
step: 115 | loss: 5.9386 | toks/s: 4357.1
step: 116 | loss: 5.8269 | toks/s: 4364.7
step: 117 | loss: 5.9172 | toks/s: 4363.2
step: 118 | loss: 6.1539 | toks/s: 4345.9
step: 119 | loss: 6.0448 | toks/s: 4366.9
step: 120 | loss: 6.0577 | toks/s: 4378.2
step: 121 | loss: 6.2140 | toks/s: 4328.3
step: 122 | loss: 5.9717 | toks/s: 4347.3
step: 123 | loss: 6.3843 | toks/s: 4350.0
step: 124 | loss: 6.1065 | toks/s: 4357.2
step: 125 | loss: 6.2698 | toks/s: 4337.2
step: 126 | loss: 6.1776 | toks/s: 4360.1
step: 127 | loss: 6.0657 | toks/s: 4296.2
step: 128 | loss: 6.0283 | toks/s: 4351.1
step: 129 | loss: 6.6114 | toks/s: 4357.7
step: 130 | loss: 6.1441 | toks/s: 4328.4
step: 131 | loss: 5.6095 | toks/s: 4312.4
step: 132 | loss: 6.0345 | toks/s: 4186.2
step: 133 | loss: 5.9864 | toks/s: 4073.2
step: 134 | loss: 6.0859 | toks/s: 4331.7
step: 135 | loss: 6.1008 | toks/s: 4302.1
step: 136 | loss: 6.0148 | toks/s: 4332.9
step: 137 | loss: 5.9860 | toks/s: 4346.9
step: 138 | loss: 5.7072 | toks/s: 4357.1
step: 139 | loss: 6.2383 | toks/s: 4295.2
step: 140 | loss: 5.8433 | toks/s: 4347.1
step: 141 | loss: 5.6681 | toks/s: 4328.8
step: 142 | loss: 6.0080 | toks/s: 4382.1
step: 143 | loss: 5.7253 | toks/s: 4308.6
step: 144 | loss: 5.4163 | toks/s: 4371.2
step: 145 | loss: 5.8904 | toks/s: 4308.9
step: 146 | loss: 6.2379 | toks/s: 4371.1
step: 147 | loss: 6.0748 | toks/s: 4365.8
step: 148 | loss: 5.9757 | toks/s: 4322.3
step: 149 | loss: 5.4691 | toks/s: 4316.1
step: 150 | loss: 5.6648 | toks/s: 4340.1
step: 151 | loss: 6.3257 | toks/s: 4365.8
step: 152 | loss: 5.2298 | toks/s: 4348.5
step: 153 | loss: 6.1149 | toks/s: 4327.9
step: 154 | loss: 5.6859 | toks/s: 4363.5
step: 155 | loss: 5.7242 | toks/s: 4349.4
step: 156 | loss: 5.7885 | toks/s: 4036.0
step: 157 | loss: 5.8023 | toks/s: 4369.6
step: 158 | loss: 6.0439 | toks/s: 4354.1
step: 159 | loss: 6.0635 | toks/s: 4352.8
step: 160 | loss: 6.3701 | toks/s: 4340.3
step: 161 | loss: 5.8671 | toks/s: 4359.5
step: 162 | loss: 5.9193 | toks/s: 4317.0
step: 163 | loss: 5.3821 | toks/s: 4357.1
step: 164 | loss: 5.3216 | toks/s: 4358.4
step: 165 | loss: 5.6854 | toks/s: 4335.3
step: 166 | loss: 5.8523 | toks/s: 4071.8
step: 167 | loss: 6.0438 | toks/s: 4361.7
step: 168 | loss: 5.6456 | toks/s: 4358.0
step: 169 | loss: 5.4508 | toks/s: 4361.0
step: 170 | loss: 5.5846 | toks/s: 4342.5
step: 171 | loss: 5.9495 | toks/s: 4361.8
step: 172 | loss: 5.1779 | toks/s: 4386.6
step: 173 | loss: 6.0078 | toks/s: 4350.7
step: 174 | loss: 5.6014 | toks/s: 4310.7
step: 175 | loss: 5.7847 | toks/s: 4361.0
step: 176 | loss: 5.3484 | toks/s: 4356.8
step: 177 | loss: 6.2290 | toks/s: 4322.9
step: 178 | loss: 5.9624 | toks/s: 4122.3
step: 179 | loss: 5.7659 | toks/s: 4316.1
step: 180 | loss: 5.5027 | toks/s: 4337.9
step: 181 | loss: 6.0976 | toks/s: 4320.3
step: 182 | loss: 5.3691 | toks/s: 4325.9
step: 183 | loss: 5.8863 | toks/s: 4353.0
step: 184 | loss: 6.1218 | toks/s: 4358.1
step: 185 | loss: 5.7138 | toks/s: 4349.0
step: 186 | loss: 5.5215 | toks/s: 4358.4
step: 187 | loss: 5.6437 | toks/s: 4369.3
step: 188 | loss: 5.8820 | toks/s: 4377.3
step: 189 | loss: 5.9561 | toks/s: 4163.7
step: 190 | loss: 5.4836 | toks/s: 4349.8
step: 191 | loss: 6.0116 | toks/s: 4354.5
step: 192 | loss: 5.7990 | toks/s: 4352.8
step: 193 | loss: 5.7424 | toks/s: 4368.6
step: 194 | loss: 5.5609 | toks/s: 4356.8
step: 195 | loss: 5.6654 | toks/s: 4353.4
step: 196 | loss: 5.9850 | toks/s: 4353.9
step: 197 | loss: 5.8621 | toks/s: 4320.6
step: 198 | loss: 5.6243 | toks/s: 4338.3
step: 199 | loss: 5.5072 | toks/s: 4312.2
step: 200 | loss: 5.5986 | toks/s: 4355.6
step: 201 | loss: 5.2681 | toks/s: 4338.6
step: 202 | loss: 5.7167 | toks/s: 4362.6
step: 203 | loss: 5.8159 | toks/s: 4315.7
step: 204 | loss: 5.5778 | toks/s: 4339.8
step: 205 | loss: 5.6324 | toks/s: 4354.6
step: 206 | loss: 5.6420 | toks/s: 4346.8
step: 207 | loss: 5.6135 | toks/s: 4350.9
step: 208 | loss: 5.5962 | toks/s: 4351.4
step: 209 | loss: 5.0916 | toks/s: 4382.5
step: 210 | loss: 5.6882 | toks/s: 4347.4
step: 211 | loss: 5.6701 | toks/s: 4317.1
step: 212 | loss: 5.4599 | toks/s: 4363.9
step: 213 | loss: 5.6007 | toks/s: 4357.0
step: 214 | loss: 5.7593 | toks/s: 4356.6
step: 215 | loss: 5.4845 | toks/s: 4364.8
step: 216 | loss: 5.1525 | toks/s: 4358.3
step: 217 | loss: 5.7818 | toks/s: 4334.6
step: 218 | loss: 5.4206 | toks/s: 4324.5
step: 219 | loss: 5.5268 | toks/s: 4354.5
step: 220 | loss: 5.1308 | toks/s: 4376.6
step: 221 | loss: 5.6351 | toks/s: 4361.7
step: 222 | loss: 5.3937 | toks/s: 4329.8
step: 223 | loss: 5.3894 | toks/s: 4345.0
step: 224 | loss: 5.9590 | toks/s: 4139.8
step: 225 | loss: 5.0618 | toks/s: 4319.0
step: 226 | loss: 5.9588 | toks/s: 4337.1
step: 227 | loss: 5.3818 | toks/s: 4308.3
step: 228 | loss: 5.7319 | toks/s: 4347.5
step: 229 | loss: 5.7220 | toks/s: 4352.8
step: 230 | loss: 5.7147 | toks/s: 4365.4
step: 231 | loss: 5.5087 | toks/s: 4372.5
step: 232 | loss: 5.6171 | toks/s: 4325.9
step: 233 | loss: 5.1834 | toks/s: 4130.9
step: 234 | loss: 5.9544 | toks/s: 4052.9
step: 235 | loss: 5.2496 | toks/s: 4127.9
step: 236 | loss: 5.7999 | toks/s: 4380.2
step: 237 | loss: 5.6535 | toks/s: 4328.5
step: 238 | loss: 5.5978 | toks/s: 4336.3
step: 239 | loss: 5.2988 | toks/s: 4355.8
step: 240 | loss: 5.6588 | toks/s: 4342.4
step: 241 | loss: 5.7361 | toks/s: 4323.7
step: 242 | loss: 5.7431 | toks/s: 4294.9
step: 243 | loss: 5.6432 | toks/s: 4357.4
step: 244 | loss: 5.2565 | toks/s: 4345.5
step: 245 | loss: 5.6123 | toks/s: 4363.0
step: 246 | loss: 5.9360 | toks/s: 4382.9
step: 247 | loss: 5.7683 | toks/s: 4368.6
step: 248 | loss: 5.4529 | toks/s: 4306.0
step: 249 | loss: 5.4946 | toks/s: 4339.7
step: 250 | loss: 5.3131 | toks/s: 4346.1
step: 251 | loss: 5.2315 | toks/s: 4362.8
step: 252 | loss: 5.4520 | toks/s: 4374.3
step: 253 | loss: 5.6758 | toks/s: 4315.1
step: 254 | loss: 5.6150 | toks/s: 4307.1
step: 255 | loss: 6.1183 | toks/s: 4336.9
step: 256 | loss: 5.5857 | toks/s: 4374.0
step: 257 | loss: 4.9812 | toks/s: 4381.4
step: 258 | loss: 5.4152 | toks/s: 4362.1
step: 259 | loss: 5.1213 | toks/s: 4367.3
step: 260 | loss: 5.4142 | toks/s: 4354.6
step: 261 | loss: 4.6511 | toks/s: 4349.8
step: 262 | loss: 5.2462 | toks/s: 4347.5
step: 263 | loss: 5.6703 | toks/s: 4355.9
step: 264 | loss: 5.0718 | toks/s: 4313.3
step: 265 | loss: 5.0811 | toks/s: 4365.1
step: 266 | loss: 5.4631 | toks/s: 4365.0
step: 267 | loss: 5.0880 | toks/s: 4328.8
step: 268 | loss: 5.0967 | toks/s: 4389.5
step: 269 | loss: 5.6301 | toks/s: 4330.3
step: 270 | loss: 5.5239 | toks/s: 4324.9
step: 271 | loss: 5.3873 | toks/s: 4350.4
step: 272 | loss: 5.7639 | toks/s: 4140.1
step: 273 | loss: 5.6929 | toks/s: 4330.7
step: 274 | loss: 5.2843 | toks/s: 4318.5
step: 275 | loss: 5.5597 | toks/s: 4122.2
step: 276 | loss: 5.6151 | toks/s: 4355.0
step: 277 | loss: 4.8176 | toks/s: 3997.5
step: 278 | loss: 5.0376 | toks/s: 4365.2
step: 279 | loss: 5.2758 | toks/s: 4331.4
step: 280 | loss: 5.5072 | toks/s: 4375.1
step: 281 | loss: 5.4725 | toks/s: 4308.0
step: 282 | loss: 5.4387 | toks/s: 4133.5
step: 283 | loss: 5.5120 | toks/s: 4076.6
step: 284 | loss: 5.4292 | toks/s: 4344.4
step: 285 | loss: 5.3848 | toks/s: 4359.9
step: 286 | loss: 5.5320 | toks/s: 4288.4
step: 287 | loss: 5.4554 | toks/s: 4373.2
step: 288 | loss: 5.1321 | toks/s: 4308.4
step: 289 | loss: 5.5377 | toks/s: 4262.2
step: 290 | loss: 5.5814 | toks/s: 4339.2
step: 291 | loss: 5.0800 | toks/s: 4365.1
step: 292 | loss: 5.4095 | toks/s: 4321.4
step: 293 | loss: 5.3120 | toks/s: 4354.6
step: 294 | loss: 5.6030 | toks/s: 4355.8
step: 295 | loss: 5.2205 | toks/s: 4354.8
step: 296 | loss: 5.1000 | toks/s: 4316.1
step: 297 | loss: 5.5159 | toks/s: 4257.3
step: 298 | loss: 4.7396 | toks/s: 4375.5
step: 299 | loss: 5.7728 | toks/s: 4362.3
step: 300 | loss: 5.2138 | toks/s: 4370.2
step: 301 | loss: 4.8607 | toks/s: 4365.7
step: 302 | loss: 5.2161 | toks/s: 4366.5
step: 303 | loss: 5.0565 | toks/s: 4340.0
step: 304 | loss: 5.3973 | toks/s: 4365.8
step: 305 | loss: 5.3699 | toks/s: 4346.8
step: 306 | loss: 5.5050 | toks/s: 4354.2
step: 307 | loss: 5.2916 | toks/s: 4359.5
step: 308 | loss: 4.7635 | toks/s: 4358.6
step: 309 | loss: 5.0508 | toks/s: 4341.2
step: 310 | loss: 5.1370 | toks/s: 4371.1
step: 311 | loss: 5.0322 | toks/s: 4355.2
step: 312 | loss: 5.3009 | toks/s: 4346.1
step: 313 | loss: 5.2608 | toks/s: 4369.5
step: 314 | loss: 5.5623 | toks/s: 4361.8
step: 315 | loss: 5.3501 | toks/s: 4354.6
step: 316 | loss: 4.9030 | toks/s: 4363.0
step: 317 | loss: 5.0627 | toks/s: 4367.7
step: 318 | loss: 4.9416 | toks/s: 4330.1
step: 319 | loss: 5.3727 | toks/s: 4253.9
step: 320 | loss: 5.4507 | toks/s: 4159.2
step: 321 | loss: 5.3728 | toks/s: 4355.8
step: 322 | loss: 5.4103 | toks/s: 4361.3
step: 323 | loss: 4.9366 | toks/s: 4354.6
step: 324 | loss: 4.9827 | toks/s: 4342.4
step: 325 | loss: 5.1524 | toks/s: 4295.3
step: 326 | loss: 5.4058 | toks/s: 4357.0
step: 327 | loss: 5.5500 | toks/s: 4351.4
step: 328 | loss: 5.2745 | toks/s: 4336.7
step: 329 | loss: 5.4213 | toks/s: 4369.3
step: 330 | loss: 4.6860 | toks/s: 4366.6
step: 331 | loss: 5.6289 | toks/s: 4369.3
step: 332 | loss: 5.1118 | toks/s: 4137.6
step: 333 | loss: 5.2107 | toks/s: 4312.7
step: 334 | loss: 5.1569 | toks/s: 4379.3
step: 335 | loss: 4.9714 | toks/s: 4363.3
step: 336 | loss: 5.5196 | toks/s: 4348.1
step: 337 | loss: 5.0868 | toks/s: 4320.7
step: 338 | loss: 5.1559 | toks/s: 4354.5
step: 339 | loss: 4.7849 | toks/s: 4341.7
step: 340 | loss: 5.2109 | toks/s: 4340.7
step: 341 | loss: 5.0157 | toks/s: 4361.2
step: 342 | loss: 4.9462 | toks/s: 4357.7
step: 343 | loss: 5.8285 | toks/s: 4364.4
step: 344 | loss: 5.6337 | toks/s: 4362.2
step: 345 | loss: 5.4073 | toks/s: 4371.3
step: 346 | loss: 5.4279 | toks/s: 4368.2
step: 347 | loss: 4.9180 | toks/s: 4355.6
step: 348 | loss: 5.3550 | toks/s: 4354.2
step: 349 | loss: 4.4711 | toks/s: 4312.8
step: 350 | loss: 4.9502 | toks/s: 4346.1
step: 351 | loss: 5.2193 | toks/s: 4347.3
step: 352 | loss: 5.1686 | toks/s: 4364.0
step: 353 | loss: 5.5018 | toks/s: 4272.9
step: 354 | loss: 5.0651 | toks/s: 4348.0
step: 355 | loss: 5.3811 | toks/s: 4342.3
step: 356 | loss: 5.0234 | toks/s: 4375.4
step: 357 | loss: 4.8980 | toks/s: 4351.0
step: 358 | loss: 5.1597 | toks/s: 4348.9
step: 359 | loss: 5.1104 | toks/s: 4365.1
step: 360 | loss: 5.2179 | toks/s: 4349.6
step: 361 | loss: 5.0539 | toks/s: 4344.8
step: 362 | loss: 5.3798 | toks/s: 4343.4
step: 363 | loss: 5.1519 | toks/s: 4350.0
step: 364 | loss: 5.4973 | toks/s: 4340.5
step: 365 | loss: 5.0684 | toks/s: 4347.3
step: 366 | loss: 5.3885 | toks/s: 4359.1
step: 367 | loss: 5.2721 | toks/s: 4380.5
step: 368 | loss: 4.9012 | toks/s: 4351.0
step: 369 | loss: 5.0358 | toks/s: 4342.4
step: 370 | loss: 5.3085 | toks/s: 4349.8
step: 371 | loss: 4.9170 | toks/s: 4288.3
step: 372 | loss: 5.2934 | toks/s: 4360.5
step: 373 | loss: 4.5981 | toks/s: 4341.8
step: 374 | loss: 4.8582 | toks/s: 4390.7
step: 375 | loss: 4.6592 | toks/s: 4234.3
step: 376 | loss: 5.1249 | toks/s: 4340.8
step: 377 | loss: 4.9534 | toks/s: 3984.5
step: 378 | loss: 5.0311 | toks/s: 4355.4
step: 379 | loss: 5.3903 | toks/s: 4357.0
step: 380 | loss: 4.7231 | toks/s: 4310.3
step: 381 | loss: 4.6980 | toks/s: 4312.4
step: 382 | loss: 5.3728 | toks/s: 4344.2
step: 383 | loss: 4.8400 | toks/s: 4300.9
step: 384 | loss: 5.3599 | toks/s: 4300.4
step: 385 | loss: 4.7869 | toks/s: 4305.3
step: 386 | loss: 4.8098 | toks/s: 4330.4
step: 387 | loss: 5.2511 | toks/s: 4337.8
step: 388 | loss: 5.0998 | toks/s: 4370.9
step: 389 | loss: 5.2661 | toks/s: 4325.6
step: 390 | loss: 4.4661 | toks/s: 4391.8
step: 391 | loss: 4.5743 | toks/s: 4381.9
step: 392 | loss: 4.9752 | toks/s: 4353.5
step: 393 | loss: 5.0834 | toks/s: 4366.6
step: 394 | loss: 5.3992 | toks/s: 4356.4
step: 395 | loss: 4.7990 | toks/s: 4359.1
step: 396 | loss: 4.9790 | toks/s: 4343.0
step: 397 | loss: 5.0837 | toks/s: 4333.0
step: 398 | loss: 4.9089 | toks/s: 4345.9
step: 399 | loss: 4.7078 | toks/s: 4338.6
step: 400 | loss: 4.9551 | toks/s: 4357.7
step: 401 | loss: 5.1807 | toks/s: 4358.8
step: 402 | loss: 5.3176 | toks/s: 4360.3
step: 403 | loss: 4.2654 | toks/s: 4346.3
step: 404 | loss: 4.8866 | toks/s: 4287.9
step: 405 | loss: 5.2813 | toks/s: 4340.6
step: 406 | loss: 5.0035 | toks/s: 4352.7
step: 407 | loss: 4.8996 | toks/s: 4349.1
step: 408 | loss: 4.6917 | toks/s: 4313.8
step: 409 | loss: 5.0574 | toks/s: 4359.8
step: 410 | loss: 5.0151 | toks/s: 4355.1
step: 411 | loss: 5.3382 | toks/s: 4357.0
step: 412 | loss: 4.8673 | toks/s: 4340.6
step: 413 | loss: 4.6798 | toks/s: 4346.0
step: 414 | loss: 5.0027 | toks/s: 4362.9
step: 415 | loss: 5.0782 | toks/s: 4286.9
step: 416 | loss: 5.0339 | toks/s: 4363.0
step: 417 | loss: 5.3228 | toks/s: 4361.6
step: 418 | loss: 4.8886 | toks/s: 4359.1
step: 419 | loss: 4.8325 | toks/s: 4152.5
step: 420 | loss: 5.0056 | toks/s: 4352.6
step: 421 | loss: 4.9145 | toks/s: 4337.3
step: 422 | loss: 4.6747 | toks/s: 4042.3
step: 423 | loss: 5.1435 | toks/s: 4342.0
step: 424 | loss: 4.9738 | toks/s: 4344.6
step: 425 | loss: 5.0926 | toks/s: 4347.5
step: 426 | loss: 5.1561 | toks/s: 4344.3
step: 427 | loss: 5.3169 | toks/s: 4357.5
step: 428 | loss: 5.3767 | toks/s: 4342.9
step: 429 | loss: 5.1205 | toks/s: 4372.2
step: 430 | loss: 5.0409 | toks/s: 4355.6
step: 431 | loss: 4.5816 | toks/s: 4352.9
step: 432 | loss: 4.6939 | toks/s: 4349.7
step: 433 | loss: 4.7640 | toks/s: 4372.0
step: 434 | loss: 5.1776 | toks/s: 4134.3
step: 435 | loss: 5.3009 | toks/s: 4341.4
step: 436 | loss: 4.9154 | toks/s: 4367.5
step: 437 | loss: 4.7271 | toks/s: 4319.3
step: 438 | loss: 5.0357 | toks/s: 4364.6
step: 439 | loss: 4.7064 | toks/s: 4366.9
step: 440 | loss: 4.7258 | toks/s: 4359.3
step: 441 | loss: 4.9747 | toks/s: 4354.1
step: 442 | loss: 3.6920 | toks/s: 4317.2
step: 443 | loss: 5.3481 | toks/s: 4374.9
step: 444 | loss: 4.8960 | toks/s: 4333.7
step: 445 | loss: 4.1325 | toks/s: 4322.4
step: 446 | loss: 5.1459 | toks/s: 4345.7
step: 447 | loss: 4.9556 | toks/s: 4347.7
step: 448 | loss: 5.1063 | toks/s: 4366.9
step: 449 | loss: 4.7719 | toks/s: 4338.2
step: 450 | loss: 4.6463 | toks/s: 4297.8
step: 451 | loss: 4.4909 | toks/s: 4357.5
step: 452 | loss: 5.1429 | toks/s: 4325.1
step: 453 | loss: 4.9840 | toks/s: 4355.1
step: 454 | loss: 4.5830 | toks/s: 4351.3
step: 455 | loss: 5.2780 | toks/s: 4310.7
step: 456 | loss: 5.2124 | toks/s: 4338.3
step: 457 | loss: 4.5387 | toks/s: 4372.3
step: 458 | loss: 5.2228 | toks/s: 4389.6
step: 459 | loss: 5.0278 | toks/s: 4338.5
step: 460 | loss: 4.7861 | toks/s: 4365.1
step: 461 | loss: 4.8499 | toks/s: 4343.5
step: 462 | loss: 4.8792 | toks/s: 4358.7
step: 463 | loss: 4.9975 | toks/s: 4340.1
step: 464 | loss: 4.3401 | toks/s: 4056.7
step: 465 | loss: 4.2944 | toks/s: 4335.8
step: 466 | loss: 5.0207 | toks/s: 4367.3
step: 467 | loss: 4.8593 | toks/s: 4338.6
step: 468 | loss: 4.6956 | toks/s: 4344.7
step: 469 | loss: 5.1287 | toks/s: 4374.3
step: 470 | loss: 5.3662 | toks/s: 4348.5
step: 471 | loss: 4.9453 | toks/s: 4359.7
step: 472 | loss: 4.4994 | toks/s: 4352.9
step: 473 | loss: 4.9925 | toks/s: 4322.5
step: 474 | loss: 4.9373 | toks/s: 4331.6
step: 475 | loss: 4.5405 | toks/s: 4292.1
step: 476 | loss: 5.0532 | toks/s: 4139.3
step: 477 | loss: 5.2232 | toks/s: 4376.8
step: 478 | loss: 4.5918 | toks/s: 4333.6
step: 479 | loss: 4.3916 | toks/s: 3950.0
step: 480 | loss: 5.0608 | toks/s: 4055.0
step: 481 | loss: 4.8563 | toks/s: 4304.9
step: 482 | loss: 4.5301 | toks/s: 4346.6
step: 483 | loss: 4.7632 | toks/s: 4330.3
step: 484 | loss: 4.8809 | toks/s: 4331.5
step: 485 | loss: 4.8363 | toks/s: 4360.3
step: 486 | loss: 5.2458 | toks/s: 4336.3
step: 487 | loss: 5.1368 | toks/s: 4365.2
step: 488 | loss: 4.8184 | toks/s: 4370.4
step: 489 | loss: 5.3110 | toks/s: 4311.6
step: 490 | loss: 4.8636 | toks/s: 4356.6
step: 491 | loss: 5.1502 | toks/s: 4361.3
step: 492 | loss: 4.7903 | toks/s: 4339.7
step: 493 | loss: 4.6056 | toks/s: 4363.5
step: 494 | loss: 4.6577 | toks/s: 4351.0
step: 495 | loss: 4.5831 | toks/s: 4380.4
step: 496 | loss: 4.9028 | toks/s: 4361.3
step: 497 | loss: 5.1323 | toks/s: 4344.5
step: 498 | loss: 5.1889 | toks/s: 4301.4
step: 499 | loss: 4.6724 | toks/s: 4321.2
step: 500 | loss: 4.8542 | toks/s: 4351.6
step: 501 | loss: 4.8089 | toks/s: 4298.9
step: 502 | loss: 4.7700 | toks/s: 4305.8
step: 503 | loss: 4.6006 | toks/s: 4336.1
step: 504 | loss: 4.9392 | toks/s: 4015.5
step: 505 | loss: 4.8011 | toks/s: 4347.7
step: 506 | loss: 5.2895 | toks/s: 4338.4
step: 507 | loss: 4.4056 | toks/s: 4350.3
step: 508 | loss: 5.0623 | toks/s: 4355.2
step: 509 | loss: 4.6119 | toks/s: 4338.1
step: 510 | loss: 4.8158 | toks/s: 4367.2
step: 511 | loss: 4.9956 | toks/s: 4342.9
step: 512 | loss: 4.5529 | toks/s: 4350.2
step: 513 | loss: 4.9271 | toks/s: 4362.0
step: 514 | loss: 4.8888 | toks/s: 4359.2
step: 515 | loss: 5.3266 | toks/s: 4347.1
step: 516 | loss: 4.4999 | toks/s: 4385.0
step: 517 | loss: 4.7156 | toks/s: 4246.4
step: 518 | loss: 5.0197 | toks/s: 4360.3
step: 519 | loss: 4.8129 | toks/s: 4346.3
step: 520 | loss: 5.5244 | toks/s: 4194.1
step: 521 | loss: 4.5943 | toks/s: 4190.2
step: 522 | loss: 5.1757 | toks/s: 4360.7
step: 523 | loss: 4.6773 | toks/s: 4380.6
step: 524 | loss: 4.4993 | toks/s: 4321.0
step: 525 | loss: 5.1315 | toks/s: 4307.7
step: 526 | loss: 4.7948 | toks/s: 4357.3
step: 527 | loss: 4.8696 | toks/s: 4354.7
step: 528 | loss: 4.5820 | toks/s: 4386.1
step: 529 | loss: 5.0075 | toks/s: 4338.0
step: 530 | loss: 4.3113 | toks/s: 4085.3
step: 531 | loss: 4.5108 | toks/s: 4340.5
step: 532 | loss: 5.1467 | toks/s: 4321.7
step: 533 | loss: 4.7852 | toks/s: 4361.0
step: 534 | loss: 4.4407 | toks/s: 4126.9
step: 535 | loss: 4.9973 | toks/s: 4345.4
step: 536 | loss: 4.5065 | toks/s: 4294.6
step: 537 | loss: 4.9826 | toks/s: 4360.0
step: 538 | loss: 4.6871 | toks/s: 4365.4
step: 539 | loss: 5.0559 | toks/s: 4298.5
step: 540 | loss: 4.7988 | toks/s: 4307.6
step: 541 | loss: 4.9833 | toks/s: 4349.1
step: 542 | loss: 4.9060 | toks/s: 4349.8
step: 543 | loss: 4.8929 | toks/s: 4346.8
step: 544 | loss: 4.9601 | toks/s: 4353.7
step: 545 | loss: 4.9663 | toks/s: 4352.0
step: 546 | loss: 4.5482 | toks/s: 4297.1
step: 547 | loss: 4.7081 | toks/s: 4348.8
step: 548 | loss: 3.8501 | toks/s: 4348.2
step: 549 | loss: 4.8280 | toks/s: 4334.4
step: 550 | loss: 4.8293 | toks/s: 4358.6
step: 551 | loss: 4.5563 | toks/s: 4355.8
step: 552 | loss: 4.3361 | toks/s: 4317.2
step: 553 | loss: 4.7162 | toks/s: 4304.8
step: 554 | loss: 4.6965 | toks/s: 4374.6
step: 555 | loss: 4.4363 | toks/s: 4342.3
step: 556 | loss: 5.0746 | toks/s: 4308.5
step: 557 | loss: 4.5415 | toks/s: 4381.4
step: 558 | loss: 4.7019 | toks/s: 4382.0
step: 559 | loss: 4.5482 | toks/s: 4376.0
step: 560 | loss: 4.6208 | toks/s: 4339.8
step: 561 | loss: 4.8408 | toks/s: 4346.9
step: 562 | loss: 4.2047 | toks/s: 4275.1
step: 563 | loss: 5.5215 | toks/s: 4360.9
step: 564 | loss: 4.9021 | toks/s: 4353.5
step: 565 | loss: 5.1217 | toks/s: 4335.6
step: 566 | loss: 4.6846 | toks/s: 4353.3
step: 567 | loss: 4.5909 | toks/s: 4370.4
step: 568 | loss: 4.3218 | toks/s: 4352.4
step: 569 | loss: 4.6556 | toks/s: 4386.9
step: 570 | loss: 4.3749 | toks/s: 4340.0
step: 571 | loss: 4.8772 | toks/s: 4351.0
step: 572 | loss: 4.9764 | toks/s: 4350.4
step: 573 | loss: 4.7982 | toks/s: 4214.6
step: 574 | loss: 4.9030 | toks/s: 4353.2
step: 575 | loss: 4.7394 | toks/s: 4377.5
step: 576 | loss: 4.2770 | toks/s: 4356.5
step: 577 | loss: 4.2819 | toks/s: 4270.4
step: 578 | loss: 4.7151 | toks/s: 4145.1
step: 579 | loss: 4.7268 | toks/s: 4168.1
step: 580 | loss: 4.5710 | toks/s: 4375.4
step: 581 | loss: 4.9478 | toks/s: 4039.2
step: 582 | loss: 4.7467 | toks/s: 4301.8
step: 583 | loss: 4.7687 | toks/s: 4345.6
step: 584 | loss: 4.7123 | toks/s: 4289.4
step: 585 | loss: 4.9652 | toks/s: 4332.7
step: 586 | loss: 5.1398 | toks/s: 4284.6
step: 587 | loss: 4.2655 | toks/s: 4342.7
step: 588 | loss: 4.4018 | toks/s: 4291.8
step: 589 | loss: 4.4098 | toks/s: 4348.8
step: 590 | loss: 5.0819 | toks/s: 4342.5
step: 591 | loss: 5.1740 | toks/s: 4339.7
step: 592 | loss: 4.0810 | toks/s: 4313.7
step: 593 | loss: 4.0783 | toks/s: 4341.8
step: 594 | loss: 4.7773 | toks/s: 4360.2
step: 595 | loss: 4.6254 | toks/s: 4396.4
step: 596 | loss: 4.8515 | toks/s: 4366.8
step: 597 | loss: 5.1053 | toks/s: 4336.9
step: 598 | loss: 4.7897 | toks/s: 4355.6
step: 599 | loss: 4.6474 | toks/s: 4367.5
step: 600 | loss: 4.3266 | toks/s: 4361.7
step: 601 | loss: 4.7093 | toks/s: 4364.3
step: 602 | loss: 4.6416 | toks/s: 4356.2
step: 603 | loss: 4.2115 | toks/s: 4334.5
step: 604 | loss: 4.4213 | toks/s: 4362.0
step: 605 | loss: 4.5683 | toks/s: 4383.8
step: 606 | loss: 4.3419 | toks/s: 4354.7
step: 607 | loss: 4.5347 | toks/s: 4372.9
step: 608 | loss: 4.9851 | toks/s: 4362.5
step: 609 | loss: 4.3648 | toks/s: 4365.6
step: 610 | loss: 4.3584 | toks/s: 4352.5
step: 611 | loss: 5.1183 | toks/s: 4367.9
step: 612 | loss: 4.5531 | toks/s: 4357.2
step: 613 | loss: 4.6520 | toks/s: 4355.9
step: 614 | loss: 4.4862 | toks/s: 4364.0
step: 615 | loss: 4.3828 | toks/s: 4321.2
step: 616 | loss: 4.6221 | toks/s: 4354.9
step: 617 | loss: 4.6104 | toks/s: 4148.9
step: 618 | loss: 4.5374 | toks/s: 4351.9
step: 619 | loss: 4.8660 | toks/s: 4362.2
step: 620 | loss: 4.6829 | toks/s: 4293.8
step: 621 | loss: 4.9544 | toks/s: 4065.9
step: 622 | loss: 4.8082 | toks/s: 4123.2
step: 623 | loss: 4.8793 | toks/s: 4042.9
step: 624 | loss: 4.7395 | toks/s: 4353.4
step: 625 | loss: 4.5651 | toks/s: 4339.9
step: 626 | loss: 4.6773 | toks/s: 4357.0
step: 627 | loss: 4.4018 | toks/s: 4349.4
step: 628 | loss: 4.8944 | toks/s: 4326.2
step: 629 | loss: 4.5859 | toks/s: 4303.8
step: 630 | loss: 4.2312 | toks/s: 4347.5
step: 631 | loss: 4.5209 | toks/s: 4361.9
step: 632 | loss: 4.4407 | toks/s: 4342.2
step: 633 | loss: 4.6395 | toks/s: 4310.6
step: 634 | loss: 4.7382 | toks/s: 4022.3
step: 635 | loss: 4.9372 | toks/s: 4374.6
step: 636 | loss: 4.9410 | toks/s: 4163.4
step: 637 | loss: 5.1535 | toks/s: 4337.2
step: 638 | loss: 4.7524 | toks/s: 4353.9
step: 639 | loss: 3.9918 | toks/s: 4363.2
step: 640 | loss: 4.8113 | toks/s: 4341.6
step: 641 | loss: 4.6327 | toks/s: 4294.7
step: 642 | loss: 4.8122 | toks/s: 4333.2
step: 643 | loss: 4.6244 | toks/s: 4367.6
step: 644 | loss: 4.2994 | toks/s: 4351.8
step: 645 | loss: 4.8251 | toks/s: 4363.7
step: 646 | loss: 4.9699 | toks/s: 4365.8
step: 647 | loss: 3.6944 | toks/s: 4350.2
step: 648 | loss: 4.4873 | toks/s: 4325.2
step: 649 | loss: 4.8108 | toks/s: 4359.2
step: 650 | loss: 4.4408 | toks/s: 4374.0
step: 651 | loss: 5.0416 | toks/s: 4352.3
step: 652 | loss: 4.8733 | toks/s: 4355.2
step: 653 | loss: 4.3024 | toks/s: 4350.8
step: 654 | loss: 5.2588 | toks/s: 4313.6
step: 655 | loss: 4.7918 | toks/s: 4333.0
step: 656 | loss: 4.9337 | toks/s: 4350.4
step: 657 | loss: 4.2735 | toks/s: 4363.8
step: 658 | loss: 4.1759 | toks/s: 4328.2
step: 659 | loss: 5.1727 | toks/s: 4326.8
step: 660 | loss: 4.2283 | toks/s: 4371.3
step: 661 | loss: 4.8670 | toks/s: 4324.1
step: 662 | loss: 4.9903 | toks/s: 4318.7
step: 663 | loss: 4.3402 | toks/s: 4341.5
step: 664 | loss: 4.5357 | toks/s: 4346.9
step: 665 | loss: 4.5742 | toks/s: 4356.6
step: 666 | loss: 4.3051 | toks/s: 4306.1
step: 667 | loss: 3.9962 | toks/s: 4361.1
step: 668 | loss: 4.6501 | toks/s: 4333.4
step: 669 | loss: 3.7954 | toks/s: 4326.3
step: 670 | loss: 4.5440 | toks/s: 4359.1
step: 671 | loss: 4.3028 | toks/s: 4374.3
step: 672 | loss: 4.6743 | toks/s: 4347.1
step: 673 | loss: 4.3107 | toks/s: 4355.9
step: 674 | loss: 4.7764 | toks/s: 4138.6
step: 675 | loss: 4.9925 | toks/s: 4355.8
step: 676 | loss: 4.9497 | toks/s: 4320.1
step: 677 | loss: 4.6548 | toks/s: 4324.0
step: 678 | loss: 4.5912 | toks/s: 4357.3
step: 679 | loss: 3.9352 | toks/s: 4127.3
step: 680 | loss: 4.6500 | toks/s: 4304.3
step: 681 | loss: 4.7309 | toks/s: 3898.7
step: 682 | loss: 4.4963 | toks/s: 4370.8
step: 683 | loss: 4.4745 | toks/s: 4358.0
step: 684 | loss: 4.7792 | toks/s: 3638.9
step: 685 | loss: 4.0273 | toks/s: 3501.7
step: 686 | loss: 5.0450 | toks/s: 4308.3
step: 687 | loss: 4.2940 | toks/s: 4360.6
step: 688 | loss: 4.5497 | toks/s: 4353.5
step: 689 | loss: 4.2698 | toks/s: 4350.2
step: 690 | loss: 4.2846 | toks/s: 4283.4
step: 691 | loss: 4.6091 | toks/s: 4352.7
step: 692 | loss: 4.5252 | toks/s: 4307.2
step: 693 | loss: 4.2382 | toks/s: 4334.0
step: 694 | loss: 4.7565 | toks/s: 4340.3
step: 695 | loss: 4.9801 | toks/s: 4338.3
step: 696 | loss: 4.4584 | toks/s: 4343.4
step: 697 | loss: 4.1373 | toks/s: 4342.9
step: 698 | loss: 5.0211 | toks/s: 4360.1
step: 699 | loss: 4.6863 | toks/s: 4337.7
step: 700 | loss: 4.6122 | toks/s: 4363.3
step: 701 | loss: 4.8177 | toks/s: 4366.0
step: 702 | loss: 4.4352 | toks/s: 4361.2
step: 703 | loss: 4.7734 | toks/s: 4323.7
step: 704 | loss: 5.1074 | toks/s: 4343.4
step: 705 | loss: 4.6582 | toks/s: 4359.9
step: 706 | loss: 4.2567 | toks/s: 4313.9
step: 707 | loss: 4.9163 | toks/s: 4287.8
step: 708 | loss: 4.2471 | toks/s: 4337.0
step: 709 | loss: 4.3855 | toks/s: 4358.7
step: 710 | loss: 4.8351 | toks/s: 4350.6
step: 711 | loss: 4.9759 | toks/s: 4357.6
step: 712 | loss: 4.2488 | toks/s: 4286.3
step: 713 | loss: 4.6519 | toks/s: 4330.5
step: 714 | loss: 4.5699 | toks/s: 4346.9
step: 715 | loss: 4.4069 | toks/s: 4335.8
step: 716 | loss: 4.7655 | toks/s: 4362.5
step: 717 | loss: 4.4970 | toks/s: 4350.3
step: 718 | loss: 4.8329 | toks/s: 4155.4
step: 719 | loss: 4.4075 | toks/s: 4331.9
step: 720 | loss: 4.5533 | toks/s: 4333.0
step: 721 | loss: 3.7957 | toks/s: 4349.4
step: 722 | loss: 4.5765 | toks/s: 4344.8
step: 723 | loss: 4.4158 | toks/s: 4135.8
step: 724 | loss: 4.7677 | toks/s: 4052.0
step: 725 | loss: 5.0053 | toks/s: 4312.3
step: 726 | loss: 4.0063 | toks/s: 4048.2
step: 727 | loss: 4.7524 | toks/s: 4331.3
step: 728 | loss: 4.2194 | toks/s: 4360.6
step: 729 | loss: 4.6382 | toks/s: 4281.5
step: 730 | loss: 4.8760 | toks/s: 4346.4
step: 731 | loss: 4.1038 | toks/s: 4316.4
step: 732 | loss: 4.7046 | toks/s: 4355.5
step: 733 | loss: 4.9815 | toks/s: 4329.4
step: 734 | loss: 4.4828 | toks/s: 4209.8
step: 735 | loss: 4.4496 | toks/s: 4330.0
step: 736 | loss: 4.6406 | toks/s: 4378.4
step: 737 | loss: 4.7110 | toks/s: 4320.9
step: 738 | loss: 4.2756 | toks/s: 4288.2
step: 739 | loss: 4.3929 | toks/s: 4334.0
step: 740 | loss: 4.7280 | toks/s: 4390.0
step: 741 | loss: 4.4615 | toks/s: 4354.6
step: 742 | loss: 4.6769 | toks/s: 4354.9
step: 743 | loss: 4.5095 | toks/s: 4316.7
step: 744 | loss: 4.4327 | toks/s: 4354.7
step: 745 | loss: 5.2536 | toks/s: 4327.5
step: 746 | loss: 4.5312 | toks/s: 4293.6
step: 747 | loss: 4.7411 | toks/s: 4343.7
step: 748 | loss: 4.7388 | toks/s: 4329.0
step: 749 | loss: 4.2390 | toks/s: 4317.4
step: 750 | loss: 4.4004 | toks/s: 4354.1
step: 751 | loss: 4.4391 | toks/s: 4336.0
step: 752 | loss: 4.0178 | toks/s: 4349.7
step: 753 | loss: 4.6113 | toks/s: 4331.3
step: 754 | loss: 4.6090 | toks/s: 4339.0
step: 755 | loss: 4.8348 | toks/s: 4336.3
step: 756 | loss: 5.0150 | toks/s: 4341.3
step: 757 | loss: 4.7120 | toks/s: 4334.1
step: 758 | loss: 4.9614 | toks/s: 4301.0
step: 759 | loss: 4.2597 | toks/s: 4308.2
step: 760 | loss: 4.8630 | toks/s: 4316.5
step: 761 | loss: 4.4674 | toks/s: 4319.3
step: 762 | loss: 4.8937 | toks/s: 4356.7
step: 763 | loss: 4.4385 | toks/s: 4296.0
step: 764 | loss: 4.9435 | toks/s: 4216.3
step: 765 | loss: 4.9323 | toks/s: 3514.0
step: 766 | loss: 4.4318 | toks/s: 4325.6
step: 767 | loss: 4.5244 | toks/s: 4347.0
step: 768 | loss: 4.1604 | toks/s: 4356.9
step: 769 | loss: 4.6155 | toks/s: 4062.1
step: 770 | loss: 4.2489 | toks/s: 4347.3
step: 771 | loss: 4.7356 | toks/s: 4340.0
step: 772 | loss: 4.3496 | toks/s: 4241.2
step: 773 | loss: 4.2261 | toks/s: 4350.5
step: 774 | loss: 4.5015 | toks/s: 4357.3
step: 775 | loss: 4.9453 | toks/s: 4343.1
step: 776 | loss: 4.6355 | toks/s: 4348.4
step: 777 | loss: 3.9931 | toks/s: 4121.7
step: 778 | loss: 4.4424 | toks/s: 4285.7
step: 779 | loss: 4.3266 | toks/s: 4369.7
step: 780 | loss: 4.7136 | toks/s: 4351.4
step: 781 | loss: 4.7443 | toks/s: 4300.3
step: 782 | loss: 4.2174 | toks/s: 4167.9
step: 783 | loss: 4.3380 | toks/s: 4357.4
step: 784 | loss: 4.8074 | toks/s: 4364.2
step: 785 | loss: 4.4350 | toks/s: 4325.7
step: 786 | loss: 4.6671 | toks/s: 4325.3
step: 787 | loss: 4.1491 | toks/s: 4356.0
step: 788 | loss: 4.5991 | toks/s: 4357.3
step: 789 | loss: 3.8248 | toks/s: 4362.8
step: 790 | loss: 4.4959 | toks/s: 4328.7
step: 791 | loss: 4.5746 | toks/s: 4326.3
step: 792 | loss: 4.6902 | toks/s: 4354.2
step: 793 | loss: 4.3289 | toks/s: 4341.0
step: 794 | loss: 4.4155 | toks/s: 4349.8
step: 795 | loss: 4.5659 | toks/s: 4340.0
step: 796 | loss: 4.7555 | toks/s: 4366.8
step: 797 | loss: 4.2258 | toks/s: 4362.6
step: 798 | loss: 4.1331 | toks/s: 4263.3
step: 799 | loss: 4.5399 | toks/s: 4312.2
step: 800 | loss: 4.5974 | toks/s: 4350.6
step: 801 | loss: 4.9209 | toks/s: 4317.4
step: 802 | loss: 4.5343 | toks/s: 4349.9
step: 803 | loss: 4.2919 | toks/s: 4301.0
step: 804 | loss: 4.6218 | toks/s: 4342.9
step: 805 | loss: 4.1528 | toks/s: 4322.4
step: 806 | loss: 4.7716 | toks/s: 4377.5
step: 807 | loss: 4.3117 | toks/s: 4358.6
step: 808 | loss: 4.8227 | toks/s: 4341.6
step: 809 | loss: 4.4914 | toks/s: 4297.9
step: 810 | loss: 4.2622 | toks/s: 4342.4
step: 811 | loss: 4.8428 | toks/s: 4297.3
step: 812 | loss: 4.3798 | toks/s: 4362.8
step: 813 | loss: 4.3941 | toks/s: 4344.6
step: 814 | loss: 4.8837 | toks/s: 4112.2
step: 815 | loss: 4.1454 | toks/s: 4314.3
step: 816 | loss: 4.0932 | toks/s: 4132.9
step: 817 | loss: 4.0582 | toks/s: 4276.2
step: 818 | loss: 4.1340 | toks/s: 4340.8
step: 819 | loss: 4.3794 | toks/s: 4320.4
step: 820 | loss: 4.8259 | toks/s: 4329.3
step: 821 | loss: 4.3113 | toks/s: 4333.9
step: 822 | loss: 4.3343 | toks/s: 4374.2
step: 823 | loss: 4.7564 | toks/s: 4122.6
step: 824 | loss: 4.6907 | toks/s: 4365.5
step: 825 | loss: 4.3819 | toks/s: 4368.1
step: 826 | loss: 4.8946 | toks/s: 4126.5
step: 827 | loss: 4.4207 | toks/s: 4102.7
step: 828 | loss: 4.2487 | toks/s: 4352.7
step: 829 | loss: 4.5555 | toks/s: 4359.3
step: 830 | loss: 4.7768 | toks/s: 4308.0
step: 831 | loss: 4.2667 | toks/s: 4365.3
step: 832 | loss: 4.7771 | toks/s: 4304.3
step: 833 | loss: 4.7609 | toks/s: 4335.0
step: 834 | loss: 4.3090 | toks/s: 3828.4
step: 835 | loss: 4.6361 | toks/s: 4019.8
step: 836 | loss: 4.0594 | toks/s: 4030.0
step: 837 | loss: 4.2202 | toks/s: 4023.2
step: 838 | loss: 4.5619 | toks/s: 4035.5
step: 839 | loss: 4.9632 | toks/s: 3975.3
step: 840 | loss: 4.2978 | toks/s: 4312.2
step: 841 | loss: 4.7058 | toks/s: 4395.4
step: 842 | loss: 4.5917 | toks/s: 4370.3
step: 843 | loss: 4.3849 | toks/s: 4380.4
step: 844 | loss: 4.4495 | toks/s: 4317.6
step: 845 | loss: 4.5360 | toks/s: 4341.8
step: 846 | loss: 4.8249 | toks/s: 4311.0
step: 847 | loss: 4.5165 | toks/s: 4355.1
step: 848 | loss: 4.2572 | toks/s: 4345.6
step: 849 | loss: 4.7456 | toks/s: 4361.5
step: 850 | loss: 4.4477 | toks/s: 4341.1
step: 851 | loss: 4.8173 | toks/s: 4335.6
step: 852 | loss: 4.4742 | toks/s: 4307.4
step: 853 | loss: 4.5689 | toks/s: 4347.0
step: 854 | loss: 4.2849 | toks/s: 4352.2
step: 855 | loss: 4.5576 | toks/s: 4331.2
step: 856 | loss: 4.1242 | toks/s: 4331.3
step: 857 | loss: 4.4801 | toks/s: 4343.7
step: 858 | loss: 4.4569 | toks/s: 4339.8
step: 859 | loss: 4.5175 | toks/s: 4359.1
step: 860 | loss: 4.5165 | toks/s: 4358.1
step: 861 | loss: 4.4519 | toks/s: 4394.2
step: 862 | loss: 3.8724 | toks/s: 4359.5
step: 863 | loss: 4.4732 | toks/s: 4341.6
step: 864 | loss: 4.6333 | toks/s: 4317.7
step: 865 | loss: 3.8296 | toks/s: 4072.0
step: 866 | loss: 4.3164 | toks/s: 4326.6
step: 867 | loss: 4.1661 | toks/s: 4340.8
step: 868 | loss: 4.1594 | toks/s: 4346.3
step: 869 | loss: 4.6643 | toks/s: 4365.9
step: 870 | loss: 4.0383 | toks/s: 4346.6
step: 871 | loss: 4.6858 | toks/s: 4342.9
step: 872 | loss: 4.5202 | toks/s: 4326.4
step: 873 | loss: 4.1013 | toks/s: 4161.8
step: 874 | loss: 3.9826 | toks/s: 4306.0
step: 875 | loss: 3.7099 | toks/s: 4342.0
step: 876 | loss: 3.9757 | toks/s: 4330.7
step: 877 | loss: 4.5666 | toks/s: 4377.3
step: 878 | loss: 4.3618 | toks/s: 4327.1
step: 879 | loss: 3.5956 | toks/s: 4177.5
step: 880 | loss: 4.3545 | toks/s: 4122.1
step: 881 | loss: 4.2684 | toks/s: 4337.8
step: 882 | loss: 4.2762 | toks/s: 4352.7
step: 883 | loss: 4.3862 | toks/s: 4321.3
step: 884 | loss: 4.7572 | toks/s: 4140.9
step: 885 | loss: 4.3801 | toks/s: 4076.7
step: 886 | loss: 4.2945 | toks/s: 4364.0
step: 887 | loss: 4.4205 | toks/s: 4364.2
step: 888 | loss: 4.8289 | toks/s: 4317.7
step: 889 | loss: 4.3950 | toks/s: 4109.8
step: 890 | loss: 4.4147 | toks/s: 4297.4
step: 891 | loss: 4.1639 | toks/s: 4375.0
step: 892 | loss: 4.2194 | toks/s: 4343.3
step: 893 | loss: 4.3449 | toks/s: 4334.8
step: 894 | loss: 3.8014 | toks/s: 4308.8
step: 895 | loss: 4.6076 | toks/s: 4352.1
step: 896 | loss: 4.9926 | toks/s: 4368.9
step: 897 | loss: 4.2832 | toks/s: 4349.7
step: 898 | loss: 4.5699 | toks/s: 4356.8
step: 899 | loss: 4.4484 | toks/s: 4331.8
step: 900 | loss: 4.4805 | toks/s: 4379.0
step: 901 | loss: 4.7119 | toks/s: 4351.6
step: 902 | loss: 4.2436 | toks/s: 4338.9
step: 903 | loss: 4.4739 | toks/s: 4348.2
step: 904 | loss: 4.3724 | toks/s: 4270.7
step: 905 | loss: 4.2530 | toks/s: 4105.5
step: 906 | loss: 4.2637 | toks/s: 4322.0
step: 907 | loss: 4.1865 | toks/s: 4354.1
step: 908 | loss: 4.4907 | toks/s: 4265.9
step: 909 | loss: 4.5158 | toks/s: 4376.8
step: 910 | loss: 4.4550 | toks/s: 4312.1
step: 911 | loss: 4.3010 | toks/s: 4355.2
step: 912 | loss: 4.7046 | toks/s: 4352.3
step: 913 | loss: 4.6800 | toks/s: 4329.6
step: 914 | loss: 4.4991 | toks/s: 4360.9
step: 915 | loss: 3.9762 | toks/s: 4361.3
step: 916 | loss: 4.6095 | toks/s: 4321.9
step: 917 | loss: 3.9254 | toks/s: 4148.6
step: 918 | loss: 4.4322 | toks/s: 4354.5
step: 919 | loss: 4.5468 | toks/s: 4380.0
step: 920 | loss: 4.0549 | toks/s: 4298.5
step: 921 | loss: 4.3744 | toks/s: 4357.7
step: 922 | loss: 4.0190 | toks/s: 4366.9
step: 923 | loss: 4.8902 | toks/s: 4356.6
step: 924 | loss: 4.0192 | toks/s: 4161.0
step: 925 | loss: 4.9467 | toks/s: 4339.2
step: 926 | loss: 4.3399 | toks/s: 4327.2
step: 927 | loss: 4.3481 | toks/s: 4310.9
step: 928 | loss: 4.7052 | toks/s: 4365.7
step: 929 | loss: 4.6649 | toks/s: 4188.1
step: 930 | loss: 4.2168 | toks/s: 4075.7
step: 931 | loss: 3.7790 | toks/s: 4351.6
step: 932 | loss: 4.3460 | toks/s: 4193.1
step: 933 | loss: 3.7516 | toks/s: 4400.0
step: 934 | loss: 4.5533 | toks/s: 4357.6
step: 935 | loss: 4.7115 | toks/s: 4362.9
step: 936 | loss: 4.6371 | toks/s: 4307.5
step: 937 | loss: 3.5208 | toks/s: 4346.6
step: 938 | loss: 4.4828 | toks/s: 4328.4
step: 939 | loss: 4.6025 | toks/s: 4252.7
step: 940 | loss: 3.1854 | toks/s: 4366.1
step: 941 | loss: 4.5132 | toks/s: 4298.5
step: 942 | loss: 4.2259 | toks/s: 4340.7
step: 943 | loss: 4.5480 | toks/s: 4380.8
step: 944 | loss: 4.3874 | toks/s: 4383.7
step: 945 | loss: 4.9744 | toks/s: 4352.6
step: 946 | loss: 4.3674 | toks/s: 4344.3
step: 947 | loss: 3.7567 | toks/s: 4340.0
step: 948 | loss: 4.6977 | toks/s: 4322.0
step: 949 | loss: 4.2270 | toks/s: 4351.5
step: 950 | loss: 4.5998 | toks/s: 4317.4
step: 951 | loss: 4.3234 | toks/s: 4339.1
step: 952 | loss: 4.7691 | toks/s: 4339.5
step: 953 | loss: 4.5809 | toks/s: 4355.1
step: 954 | loss: 4.2991 | toks/s: 4346.4
step: 955 | loss: 4.1580 | toks/s: 4354.1
step: 956 | loss: 4.5923 | toks/s: 4327.3
step: 957 | loss: 4.0431 | toks/s: 4347.5
step: 958 | loss: 4.6398 | toks/s: 4351.0
step: 959 | loss: 4.5822 | toks/s: 4347.2
step: 960 | loss: 4.1758 | toks/s: 4347.5
step: 961 | loss: 4.1174 | toks/s: 4353.6
step: 962 | loss: 3.9893 | toks/s: 4381.9
step: 963 | loss: 4.7181 | toks/s: 4356.1
step: 964 | loss: 4.6286 | toks/s: 4355.5
step: 965 | loss: 4.3930 | toks/s: 4328.8
step: 966 | loss: 4.3650 | toks/s: 4346.9
step: 967 | loss: 4.4999 | toks/s: 4328.3
step: 968 | loss: 4.3038 | toks/s: 4387.4
step: 969 | loss: 3.8316 | toks/s: 4186.1
step: 970 | loss: 4.1400 | toks/s: 4340.4
step: 971 | loss: 4.5988 | toks/s: 4343.1
step: 972 | loss: 4.3218 | toks/s: 4384.9
step: 973 | loss: 4.4807 | toks/s: 4041.8
step: 974 | loss: 4.6198 | toks/s: 4365.5
step: 975 | loss: 4.0017 | toks/s: 4346.0
step: 976 | loss: 4.7505 | toks/s: 4173.6
step: 977 | loss: 4.0512 | toks/s: 4352.4
step: 978 | loss: 4.3861 | toks/s: 4354.1
step: 979 | loss: 4.0528 | toks/s: 4365.4
step: 980 | loss: 4.5906 | toks/s: 4187.8
step: 981 | loss: 4.5004 | toks/s: 4356.3
step: 982 | loss: 4.3167 | toks/s: 4275.1
step: 983 | loss: 3.8584 | toks/s: 4039.9
step: 984 | loss: 4.0125 | toks/s: 4346.9
step: 985 | loss: 4.6462 | toks/s: 4344.0
step: 986 | loss: 3.9898 | toks/s: 4358.3
step: 987 | loss: 4.5895 | toks/s: 4356.0
step: 988 | loss: 4.7426 | toks/s: 4380.7
step: 989 | loss: 4.0960 | toks/s: 4374.0
step: 990 | loss: 4.6592 | toks/s: 4360.2
step: 991 | loss: 4.5713 | toks/s: 4359.8
step: 992 | loss: 4.4307 | toks/s: 4334.2
step: 993 | loss: 4.3771 | toks/s: 4327.0
step: 994 | loss: 4.3954 | toks/s: 4338.1
step: 995 | loss: 4.5518 | toks/s: 4347.2
step: 996 | loss: 4.0756 | toks/s: 4339.0
step: 997 | loss: 4.4930 | toks/s: 4336.3
step: 998 | loss: 4.0688 | toks/s: 4360.4
step: 999 | loss: 4.3104 | toks/s: 4336.8
tep: 1000 | loss: 4.6605s | toks/s: 4346.0
