step: 1 | loss: 12.6896 | toks/s: 1844.2
step: 2 | loss: 12.5679 | toks/s: 5947.0
step: 3 | loss: 12.6369 | toks/s: 5785.2
step: 4 | loss: 12.5862 | toks/s: 5821.9
step: 5 | loss: 12.5731 | toks/s: 5783.5
step: 6 | loss: 12.5644 | toks/s: 5796.5
step: 7 | loss: 12.5484 | toks/s: 5734.9
step: 8 | loss: 12.4346 | toks/s: 5781.8
step: 9 | loss: 12.3870 | toks/s: 5758.8
step: 10 | loss: 12.1690 | toks/s: 5778.9
step: 11 | loss: 12.0371 | toks/s: 4353.3
step: 12 | loss: 11.9063 | toks/s: 5260.8
step: 13 | loss: 11.5405 | toks/s: 5788.3
step: 14 | loss: 11.1076 | toks/s: 5767.3
step: 15 | loss: 10.6831 | toks/s: 5720.2
step: 16 | loss: 10.2565 | toks/s: 5805.7
step: 17 | loss: 10.1120 | toks/s: 5757.4
step: 18 | loss: 9.6634 | toks/s: 5731.9
step: 19 | loss: 9.1082 | toks/s: 5770.6
step: 20 | loss: 9.1737 | toks/s: 5789.7
step: 21 | loss: 9.8399 | toks/s: 5756.7
step: 22 | loss: 10.3073 | toks/s: 5712.6
step: 23 | loss: 10.1736 | toks/s: 5631.7
step: 24 | loss: 9.4930 | toks/s: 5698.3
step: 25 | loss: 9.7312 | toks/s: 5601.9
step: 26 | loss: 8.6932 | toks/s: 5718.0
step: 27 | loss: 9.2244 | toks/s: 5779.9
step: 28 | loss: 9.7296 | toks/s: 5757.2
step: 29 | loss: 8.7458 | toks/s: 5790.8
step: 30 | loss: 8.5094 | toks/s: 5768.6
step: 31 | loss: 8.8044 | toks/s: 5777.5
step: 32 | loss: 8.6556 | toks/s: 5826.9
step: 33 | loss: 7.7711 | toks/s: 5822.2
step: 34 | loss: 7.9281 | toks/s: 5866.2
step: 35 | loss: 7.8456 | toks/s: 5710.5
step: 36 | loss: 7.8258 | toks/s: 5689.0
step: 37 | loss: 7.6992 | toks/s: 5719.7
step: 38 | loss: 7.7125 | toks/s: 5751.1
step: 39 | loss: 7.6157 | toks/s: 5731.3
step: 40 | loss: 7.6632 | toks/s: 5727.8
step: 41 | loss: 7.5314 | toks/s: 5680.7
step: 42 | loss: 7.1173 | toks/s: 5783.5
step: 43 | loss: 7.6267 | toks/s: 5805.2
step: 44 | loss: 7.3500 | toks/s: 5822.1
step: 45 | loss: 7.3944 | toks/s: 5832.3
step: 46 | loss: 6.9299 | toks/s: 5780.9
step: 47 | loss: 7.0748 | toks/s: 5756.3
step: 48 | loss: 7.1001 | toks/s: 5810.1
step: 49 | loss: 7.2075 | toks/s: 5783.8
step: 50 | loss: 7.2742 | toks/s: 5819.8
step: 51 | loss: 7.3318 | toks/s: 5809.5
step: 52 | loss: 6.9687 | toks/s: 5750.5
step: 53 | loss: 7.0657 | toks/s: 5781.8
step: 54 | loss: 7.3661 | toks/s: 5769.0
step: 55 | loss: 6.8729 | toks/s: 5814.6
step: 56 | loss: 7.1635 | toks/s: 5789.7
step: 57 | loss: 6.8116 | toks/s: 5823.8
step: 58 | loss: 6.8955 | toks/s: 5781.7
step: 59 | loss: 6.7306 | toks/s: 5752.4
step: 60 | loss: 6.8477 | toks/s: 5780.0
step: 61 | loss: 7.2023 | toks/s: 5860.6
step: 62 | loss: 6.8434 | toks/s: 5823.1
step: 63 | loss: 6.4781 | toks/s: 5815.1
step: 64 | loss: 6.6518 | toks/s: 5264.6
step: 65 | loss: 7.1517 | toks/s: 5248.7
step: 66 | loss: 6.5157 | toks/s: 5731.4
step: 67 | loss: 6.8627 | toks/s: 5778.0
step: 68 | loss: 6.8963 | toks/s: 5741.8
step: 69 | loss: 6.7661 | toks/s: 5673.1
step: 70 | loss: 6.8868 | toks/s: 5678.3
step: 71 | loss: 6.4300 | toks/s: 5704.4
step: 72 | loss: 6.7069 | toks/s: 5236.5
step: 73 | loss: 6.8277 | toks/s: 5734.2
step: 74 | loss: 6.5158 | toks/s: 5701.4
step: 75 | loss: 6.2145 | toks/s: 5701.5
step: 76 | loss: 6.3519 | toks/s: 5683.1
step: 77 | loss: 6.6877 | toks/s: 5246.4
step: 78 | loss: 6.7070 | toks/s: 5702.4
step: 79 | loss: 6.9054 | toks/s: 5347.7
step: 80 | loss: 6.1707 | toks/s: 5297.9
step: 81 | loss: 6.6591 | toks/s: 5298.0
step: 82 | loss: 6.8309 | toks/s: 5299.5
step: 83 | loss: 6.6015 | toks/s: 5243.6
step: 84 | loss: 6.2893 | toks/s: 5668.1
step: 85 | loss: 6.2836 | toks/s: 5617.4
step: 86 | loss: 6.2877 | toks/s: 5688.6
step: 87 | loss: 6.4458 | toks/s: 5691.3
step: 88 | loss: 6.4460 | toks/s: 5649.1
step: 89 | loss: 6.6307 | toks/s: 5728.2
step: 90 | loss: 6.4386 | toks/s: 5661.9
step: 91 | loss: 6.4808 | toks/s: 5649.1
step: 92 | loss: 6.8488 | toks/s: 5647.8
step: 93 | loss: 6.4973 | toks/s: 5666.5
step: 94 | loss: 6.4505 | toks/s: 5610.6
step: 95 | loss: 6.1739 | toks/s: 5585.5
step: 96 | loss: 6.1172 | toks/s: 5690.5
step: 97 | loss: 6.0122 | toks/s: 5661.1
step: 98 | loss: 6.4347 | toks/s: 5688.6
step: 99 | loss: 6.0797 | toks/s: 5697.4
step: 100 | loss: 6.2130 | toks/s: 5642.7
step: 101 | loss: 6.0571 | toks/s: 5668.9
step: 102 | loss: 5.7770 | toks/s: 5699.5
step: 103 | loss: 6.5594 | toks/s: 5669.1
step: 104 | loss: 6.2332 | toks/s: 5652.5
step: 105 | loss: 6.0291 | toks/s: 5703.3
step: 106 | loss: 6.0740 | toks/s: 5728.0
step: 107 | loss: 6.2793 | toks/s: 5797.0
step: 108 | loss: 6.1592 | toks/s: 5679.6
step: 109 | loss: 5.6576 | toks/s: 5689.5
step: 110 | loss: 6.2133 | toks/s: 5710.8
step: 111 | loss: 6.3784 | toks/s: 5708.1
step: 112 | loss: 6.1899 | toks/s: 5696.4
step: 113 | loss: 6.2186 | toks/s: 5699.2
step: 114 | loss: 6.1569 | toks/s: 5715.5
step: 115 | loss: 5.9762 | toks/s: 5707.7
step: 116 | loss: 5.8829 | toks/s: 5211.6
step: 117 | loss: 5.9463 | toks/s: 5760.2
step: 118 | loss: 6.2132 | toks/s: 5689.1
step: 119 | loss: 6.0348 | toks/s: 5722.0
step: 120 | loss: 6.0785 | toks/s: 5625.4
step: 121 | loss: 6.2717 | toks/s: 5714.2
step: 122 | loss: 6.0077 | toks/s: 5687.1
step: 123 | loss: 6.4122 | toks/s: 5708.1
step: 124 | loss: 6.1302 | toks/s: 5646.1
step: 125 | loss: 6.2661 | toks/s: 5719.3
step: 126 | loss: 6.2241 | toks/s: 5762.2
step: 127 | loss: 6.0600 | toks/s: 5704.5
step: 128 | loss: 6.0345 | toks/s: 5746.9
step: 129 | loss: 6.6119 | toks/s: 5706.0
step: 130 | loss: 6.1595 | toks/s: 5255.0
step: 131 | loss: 5.6412 | toks/s: 5711.6
step: 132 | loss: 6.0404 | toks/s: 5707.1
step: 133 | loss: 6.0286 | toks/s: 5676.2
step: 134 | loss: 6.1049 | toks/s: 5680.7
step: 135 | loss: 6.1197 | toks/s: 5684.5
step: 136 | loss: 6.0253 | toks/s: 5686.0
step: 137 | loss: 6.0052 | toks/s: 5672.6
step: 138 | loss: 5.7431 | toks/s: 5201.6
step: 139 | loss: 6.2327 | toks/s: 5697.5
step: 140 | loss: 5.8908 | toks/s: 5661.2
step: 141 | loss: 5.6437 | toks/s: 5707.4
step: 142 | loss: 6.0080 | toks/s: 5690.7
step: 143 | loss: 5.7457 | toks/s: 5688.9
step: 144 | loss: 5.4180 | toks/s: 5669.2
step: 145 | loss: 5.9617 | toks/s: 5659.4
step: 146 | loss: 6.2641 | toks/s: 5742.0
step: 147 | loss: 6.0835 | toks/s: 5728.1
step: 148 | loss: 5.9870 | toks/s: 5665.4
step: 149 | loss: 5.4698 | toks/s: 5696.8
step: 150 | loss: 5.7058 | toks/s: 5710.3
step: 151 | loss: 6.3219 | toks/s: 5703.6
step: 152 | loss: 5.2438 | toks/s: 5757.5
step: 153 | loss: 6.0867 | toks/s: 5693.5
step: 154 | loss: 5.7380 | toks/s: 5713.1
step: 155 | loss: 5.7147 | toks/s: 5698.1
step: 156 | loss: 5.7799 | toks/s: 5681.1
step: 157 | loss: 5.8388 | toks/s: 5676.4
step: 158 | loss: 6.0480 | toks/s: 5652.5
step: 159 | loss: 6.0995 | toks/s: 5658.9
step: 160 | loss: 6.3544 | toks/s: 5692.6
step: 161 | loss: 5.8785 | toks/s: 5752.2
step: 162 | loss: 5.9262 | toks/s: 5717.2
step: 163 | loss: 5.3822 | toks/s: 5704.5
step: 164 | loss: 5.3274 | toks/s: 5705.0
step: 165 | loss: 5.7279 | toks/s: 5706.2
step: 166 | loss: 5.9115 | toks/s: 5670.8
step: 167 | loss: 6.0730 | toks/s: 5660.6
step: 168 | loss: 5.6608 | toks/s: 5674.7
step: 169 | loss: 5.4596 | toks/s: 5702.6
step: 170 | loss: 5.6217 | toks/s: 5684.7
step: 171 | loss: 5.9652 | toks/s: 5749.4
step: 172 | loss: 5.1668 | toks/s: 5632.1
step: 173 | loss: 6.0415 | toks/s: 5704.9
step: 174 | loss: 5.6714 | toks/s: 5732.1
step: 175 | loss: 5.7782 | toks/s: 5680.6
step: 176 | loss: 5.3791 | toks/s: 5715.5
step: 177 | loss: 6.2525 | toks/s: 5672.7
step: 178 | loss: 5.9426 | toks/s: 5629.8
step: 179 | loss: 5.7805 | toks/s: 5719.3
step: 180 | loss: 5.4961 | toks/s: 5694.7
step: 181 | loss: 6.1626 | toks/s: 5680.5
step: 182 | loss: 5.3961 | toks/s: 5654.3
step: 183 | loss: 5.9223 | toks/s: 5666.0
step: 184 | loss: 6.1491 | toks/s: 5691.0
step: 185 | loss: 5.7441 | toks/s: 5701.2
step: 186 | loss: 5.5576 | toks/s: 5703.9
step: 187 | loss: 5.6673 | toks/s: 5680.9
step: 188 | loss: 5.9178 | toks/s: 5714.2
step: 189 | loss: 5.9452 | toks/s: 5760.5
step: 190 | loss: 5.4697 | toks/s: 5674.9
step: 191 | loss: 6.0077 | toks/s: 5770.1
step: 192 | loss: 5.7931 | toks/s: 5731.4
step: 193 | loss: 5.7832 | toks/s: 5703.0
step: 194 | loss: 5.6227 | toks/s: 5705.9
step: 195 | loss: 5.7098 | toks/s: 5717.6
step: 196 | loss: 5.9965 | toks/s: 5722.0
step: 197 | loss: 5.8612 | toks/s: 5715.1
step: 198 | loss: 5.6542 | toks/s: 5720.6
step: 199 | loss: 5.5286 | toks/s: 5744.1
step: 200 | loss: 5.6420 | toks/s: 5706.5
step: 201 | loss: 5.3089 | toks/s: 5686.2
step: 202 | loss: 5.7204 | toks/s: 5722.1
step: 203 | loss: 5.8505 | toks/s: 5685.8
step: 204 | loss: 5.6168 | toks/s: 5726.1
step: 205 | loss: 5.6476 | toks/s: 5723.0
step: 206 | loss: 5.6656 | toks/s: 5747.8
step: 207 | loss: 5.6399 | toks/s: 5680.6
step: 208 | loss: 5.6171 | toks/s: 5712.4
step: 209 | loss: 5.0793 | toks/s: 5719.4
step: 210 | loss: 5.7018 | toks/s: 5669.4
step: 211 | loss: 5.6851 | toks/s: 5723.4
step: 212 | loss: 5.4782 | toks/s: 5394.5
step: 213 | loss: 5.6073 | toks/s: 5736.1
step: 214 | loss: 5.7878 | toks/s: 5663.1
step: 215 | loss: 5.5290 | toks/s: 5713.3
step: 216 | loss: 5.2261 | toks/s: 5716.5
step: 217 | loss: 5.8009 | toks/s: 5736.5
step: 218 | loss: 5.4332 | toks/s: 5705.6
step: 219 | loss: 5.5429 | toks/s: 5713.7
step: 220 | loss: 5.1662 | toks/s: 5437.2
step: 221 | loss: 5.6455 | toks/s: 5747.3
step: 222 | loss: 5.4396 | toks/s: 5686.4
step: 223 | loss: 5.3956 | toks/s: 5682.1
step: 224 | loss: 5.9763 | toks/s: 5724.0
step: 225 | loss: 5.0747 | toks/s: 5146.9
step: 226 | loss: 5.9889 | toks/s: 5682.0
step: 227 | loss: 5.3962 | toks/s: 5597.2
step: 228 | loss: 5.7911 | toks/s: 5739.4
step: 229 | loss: 5.7548 | toks/s: 5634.5
step: 230 | loss: 5.7486 | toks/s: 5669.0
step: 231 | loss: 5.5734 | toks/s: 5686.5
step: 232 | loss: 5.6421 | toks/s: 5686.2
step: 233 | loss: 5.2180 | toks/s: 5681.6
step: 234 | loss: 5.9458 | toks/s: 5671.2
step: 235 | loss: 5.2760 | toks/s: 5700.4
step: 236 | loss: 5.7929 | toks/s: 5706.5
step: 237 | loss: 5.7011 | toks/s: 5696.4
step: 238 | loss: 5.6125 | toks/s: 5707.5
step: 239 | loss: 5.3472 | toks/s: 5329.3
step: 240 | loss: 5.6619 | toks/s: 5721.4
step: 241 | loss: 5.7409 | toks/s: 5692.2
step: 242 | loss: 5.7305 | toks/s: 5719.6
step: 243 | loss: 5.7317 | toks/s: 5677.1
step: 244 | loss: 5.3132 | toks/s: 5689.0
step: 245 | loss: 5.6353 | toks/s: 5667.6
step: 246 | loss: 5.9460 | toks/s: 5686.4
step: 247 | loss: 5.8095 | toks/s: 5695.2
step: 248 | loss: 5.4994 | toks/s: 5673.0
step: 249 | loss: 5.5100 | toks/s: 5700.8
step: 250 | loss: 5.3687 | toks/s: 5622.0
step: 251 | loss: 5.2889 | toks/s: 5665.0
step: 252 | loss: 5.4954 | toks/s: 5105.9
step: 253 | loss: 5.6960 | toks/s: 5687.4
step: 254 | loss: 5.6185 | toks/s: 5375.0
step: 255 | loss: 6.1990 | toks/s: 5666.9
step: 256 | loss: 5.5833 | toks/s: 5640.1
step: 257 | loss: 5.0216 | toks/s: 5704.8
step: 258 | loss: 5.4110 | toks/s: 5667.1
step: 259 | loss: 5.1312 | toks/s: 5717.1
step: 260 | loss: 5.4424 | toks/s: 5710.2
step: 261 | loss: 4.6579 | toks/s: 5269.6
step: 262 | loss: 5.2211 | toks/s: 5670.4
step: 263 | loss: 5.7141 | toks/s: 5687.7
step: 264 | loss: 5.1035 | toks/s: 5726.7
step: 265 | loss: 5.1040 | toks/s: 5708.4
step: 266 | loss: 5.5221 | toks/s: 5698.8
step: 267 | loss: 5.1226 | toks/s: 5630.5
step: 268 | loss: 5.1220 | toks/s: 5651.5
step: 269 | loss: 5.6970 | toks/s: 5664.7
step: 270 | loss: 5.5656 | toks/s: 5663.3
step: 271 | loss: 5.4421 | toks/s: 5648.4
step: 272 | loss: 5.8045 | toks/s: 5621.1
step: 273 | loss: 5.7446 | toks/s: 5656.3
step: 274 | loss: 5.3463 | toks/s: 5638.9
step: 275 | loss: 5.6075 | toks/s: 5649.5
step: 276 | loss: 5.6619 | toks/s: 5640.2
step: 277 | loss: 4.8549 | toks/s: 5664.7
step: 278 | loss: 5.0712 | toks/s: 5645.2
step: 279 | loss: 5.2795 | toks/s: 5676.6
step: 280 | loss: 5.6034 | toks/s: 5635.9
step: 281 | loss: 5.5009 | toks/s: 5649.8
step: 282 | loss: 5.4719 | toks/s: 5612.6
step: 283 | loss: 5.5388 | toks/s: 5676.2
step: 284 | loss: 5.5009 | toks/s: 5645.4
step: 285 | loss: 5.4146 | toks/s: 5663.3
step: 286 | loss: 5.5750 | toks/s: 5714.8
step: 287 | loss: 5.4821 | toks/s: 5647.4
step: 288 | loss: 5.1958 | toks/s: 5652.1
step: 289 | loss: 5.5844 | toks/s: 5716.2
step: 290 | loss: 5.5794 | toks/s: 5643.7
step: 291 | loss: 5.1210 | toks/s: 5658.5
step: 292 | loss: 5.4527 | toks/s: 5682.2
step: 293 | loss: 5.3298 | toks/s: 5659.1
step: 294 | loss: 5.6704 | toks/s: 5562.1
step: 295 | loss: 5.3089 | toks/s: 5646.0
step: 296 | loss: 5.1272 | toks/s: 5625.4
step: 297 | loss: 5.5721 | toks/s: 5678.7
step: 298 | loss: 4.7710 | toks/s: 5647.5
step: 299 | loss: 5.8228 | toks/s: 5624.8
step: 300 | loss: 5.2670 | toks/s: 5624.4
step: 301 | loss: 4.9002 | toks/s: 5653.8
step: 302 | loss: 5.2526 | toks/s: 5705.4
step: 303 | loss: 5.1037 | toks/s: 5695.8
step: 304 | loss: 5.4542 | toks/s: 5636.1
step: 305 | loss: 5.4283 | toks/s: 5593.4
step: 306 | loss: 5.5118 | toks/s: 5659.0
step: 307 | loss: 5.3632 | toks/s: 5617.5
step: 308 | loss: 4.7938 | toks/s: 5630.1
step: 309 | loss: 5.1108 | toks/s: 5660.0
step: 310 | loss: 5.2394 | toks/s: 5624.1
step: 311 | loss: 5.0943 | toks/s: 5635.9
step: 312 | loss: 5.3725 | toks/s: 5631.4
step: 313 | loss: 5.3176 | toks/s: 5627.4
step: 314 | loss: 5.6062 | toks/s: 5636.9
step: 315 | loss: 5.3748 | toks/s: 5669.3
step: 316 | loss: 4.9336 | toks/s: 5656.8
step: 317 | loss: 5.1054 | toks/s: 5681.5
step: 318 | loss: 5.0401 | toks/s: 5629.0
step: 319 | loss: 5.4335 | toks/s: 5677.4
step: 320 | loss: 5.5254 | toks/s: 5646.3
step: 321 | loss: 5.4529 | toks/s: 5768.5
step: 322 | loss: 5.4827 | toks/s: 5705.5
step: 323 | loss: 4.9862 | toks/s: 5663.3
step: 324 | loss: 5.0648 | toks/s: 5687.7
step: 325 | loss: 5.1346 | toks/s: 5656.6
step: 326 | loss: 5.4742 | toks/s: 5667.0
step: 327 | loss: 5.6172 | toks/s: 5683.6
step: 328 | loss: 5.3082 | toks/s: 5723.0
step: 329 | loss: 5.4704 | toks/s: 5644.4
step: 330 | loss: 4.7242 | toks/s: 5656.0
step: 331 | loss: 5.6886 | toks/s: 5289.1
step: 332 | loss: 5.1870 | toks/s: 4438.9
step: 333 | loss: 5.2261 | toks/s: 5342.1
step: 334 | loss: 5.2282 | toks/s: 5311.5
step: 335 | loss: 5.0472 | toks/s: 5321.2
step: 336 | loss: 5.5854 | toks/s: 5324.7
step: 337 | loss: 5.1884 | toks/s: 5249.3
step: 338 | loss: 5.2378 | toks/s: 5389.6
step: 339 | loss: 4.8137 | toks/s: 5382.6
step: 340 | loss: 5.2454 | toks/s: 5359.5
step: 341 | loss: 5.0616 | toks/s: 5264.0
step: 342 | loss: 4.9959 | toks/s: 4938.8
step: 343 | loss: 5.8703 | toks/s: 5365.6
step: 344 | loss: 5.6795 | toks/s: 5360.6
step: 345 | loss: 5.4881 | toks/s: 5379.4
step: 346 | loss: 5.4702 | toks/s: 5370.1
step: 347 | loss: 4.9554 | toks/s: 5348.7
step: 348 | loss: 5.3980 | toks/s: 5377.0
step: 349 | loss: 4.5462 | toks/s: 4904.4
step: 350 | loss: 5.0238 | toks/s: 5339.9
step: 351 | loss: 5.2533 | toks/s: 5281.1
step: 352 | loss: 5.2343 | toks/s: 5340.8
step: 353 | loss: 5.5670 | toks/s: 5353.5
step: 354 | loss: 5.1383 | toks/s: 5303.7
step: 355 | loss: 5.4165 | toks/s: 5317.4
step: 356 | loss: 5.0371 | toks/s: 5395.1
step: 357 | loss: 4.9469 | toks/s: 5319.1
step: 358 | loss: 5.1971 | toks/s: 5350.9
step: 359 | loss: 5.1858 | toks/s: 5287.7
step: 360 | loss: 5.2846 | toks/s: 5325.4
step: 361 | loss: 5.0758 | toks/s: 5332.7
step: 362 | loss: 5.4416 | toks/s: 5259.7
step: 363 | loss: 5.1568 | toks/s: 5315.8
step: 364 | loss: 5.5537 | toks/s: 5242.6
step: 365 | loss: 5.1215 | toks/s: 5315.3
step: 366 | loss: 5.4148 | toks/s: 5583.5
step: 367 | loss: 5.2980 | toks/s: 5666.4
step: 368 | loss: 4.9485 | toks/s: 5667.8
step: 369 | loss: 5.0616 | toks/s: 5583.5
step: 370 | loss: 5.3860 | toks/s: 5603.0
step: 371 | loss: 4.9820 | toks/s: 5618.1
step: 372 | loss: 5.4073 | toks/s: 5619.9
step: 373 | loss: 4.6712 | toks/s: 5643.9
step: 374 | loss: 4.8824 | toks/s: 5603.8
step: 375 | loss: 4.7005 | toks/s: 5593.9
step: 376 | loss: 5.1886 | toks/s: 5578.4
step: 377 | loss: 5.0341 | toks/s: 5177.2
step: 378 | loss: 5.0641 | toks/s: 5598.9
step: 379 | loss: 5.4733 | toks/s: 5603.3
step: 380 | loss: 4.7965 | toks/s: 5586.3
step: 381 | loss: 4.7355 | toks/s: 5628.5
step: 382 | loss: 5.4272 | toks/s: 5603.4
step: 383 | loss: 4.8859 | toks/s: 5624.6
step: 384 | loss: 5.4283 | toks/s: 5621.9
step: 385 | loss: 4.8506 | toks/s: 5634.6
step: 386 | loss: 4.8601 | toks/s: 5650.4
step: 387 | loss: 5.3165 | toks/s: 5624.5
step: 388 | loss: 5.1445 | toks/s: 5618.6
step: 389 | loss: 5.3061 | toks/s: 5315.7
step: 390 | loss: 4.5075 | toks/s: 5347.7
step: 391 | loss: 4.6384 | toks/s: 5337.2
step: 392 | loss: 5.0501 | toks/s: 5333.9
step: 393 | loss: 5.1422 | toks/s: 5295.3
step: 394 | loss: 5.4811 | toks/s: 5165.5
step: 395 | loss: 4.8519 | toks/s: 5619.4
step: 396 | loss: 5.0500 | toks/s: 5637.5
step: 397 | loss: 5.1044 | toks/s: 5604.6
step: 398 | loss: 4.9907 | toks/s: 5644.9
step: 399 | loss: 4.7364 | toks/s: 5629.1
step: 400 | loss: 4.9961 | toks/s: 5630.0
step: 401 | loss: 5.2467 | toks/s: 5635.9
step: 402 | loss: 5.3673 | toks/s: 5653.1
step: 403 | loss: 4.3061 | toks/s: 5639.0
step: 404 | loss: 4.9321 | toks/s: 5548.0
step: 405 | loss: 5.3470 | toks/s: 5681.0
step: 406 | loss: 5.0753 | toks/s: 5651.4
step: 407 | loss: 4.9409 | toks/s: 5297.3
step: 408 | loss: 4.7820 | toks/s: 5349.9
step: 409 | loss: 5.0655 | toks/s: 5325.4
step: 410 | loss: 5.0627 | toks/s: 5281.9
step: 411 | loss: 5.4167 | toks/s: 5360.7
step: 412 | loss: 4.9831 | toks/s: 5316.7
step: 413 | loss: 4.7321 | toks/s: 5604.9
step: 414 | loss: 5.0665 | toks/s: 5601.8
step: 415 | loss: 5.1101 | toks/s: 5616.1
step: 416 | loss: 5.0794 | toks/s: 5574.2
step: 417 | loss: 5.3977 | toks/s: 5639.7
step: 418 | loss: 4.9661 | toks/s: 5603.7
step: 419 | loss: 4.8568 | toks/s: 5620.1
step: 420 | loss: 5.0573 | toks/s: 5609.9
step: 421 | loss: 4.9440 | toks/s: 5629.7
step: 422 | loss: 4.7660 | toks/s: 5636.6
step: 423 | loss: 5.2126 | toks/s: 5628.7
step: 424 | loss: 5.0416 | toks/s: 5256.8
step: 425 | loss: 5.1605 | toks/s: 5602.0
step: 426 | loss: 5.1858 | toks/s: 5641.9
step: 427 | loss: 5.3474 | toks/s: 5635.2
step: 428 | loss: 5.4315 | toks/s: 5664.6
step: 429 | loss: 5.1573 | toks/s: 5659.9
step: 430 | loss: 5.1148 | toks/s: 5600.4
step: 431 | loss: 4.6131 | toks/s: 5606.2
step: 432 | loss: 4.7951 | toks/s: 5648.5
step: 433 | loss: 4.8461 | toks/s: 5616.3
step: 434 | loss: 5.2309 | toks/s: 5622.2
step: 435 | loss: 5.3618 | toks/s: 5617.7
step: 436 | loss: 4.9770 | toks/s: 5620.6
step: 437 | loss: 4.7792 | toks/s: 5662.5
step: 438 | loss: 5.0998 | toks/s: 5644.2
step: 439 | loss: 4.7519 | toks/s: 5647.2
step: 440 | loss: 4.7818 | toks/s: 5625.3
step: 441 | loss: 5.0774 | toks/s: 5320.1
step: 442 | loss: 3.7874 | toks/s: 5314.1
step: 443 | loss: 5.4026 | toks/s: 5373.4
step: 444 | loss: 5.0041 | toks/s: 5335.6
step: 445 | loss: 4.1675 | toks/s: 5257.9
step: 446 | loss: 5.1717 | toks/s: 5562.9
step: 447 | loss: 5.0243 | toks/s: 5346.3
step: 448 | loss: 5.1750 | toks/s: 5616.1
step: 449 | loss: 4.8277 | toks/s: 5680.0
step: 450 | loss: 4.7190 | toks/s: 5610.9
step: 451 | loss: 4.5410 | toks/s: 5683.7
step: 452 | loss: 5.1784 | toks/s: 5667.7
step: 453 | loss: 5.0583 | toks/s: 5678.4
step: 454 | loss: 4.6051 | toks/s: 5706.6
step: 455 | loss: 5.3506 | toks/s: 5611.1
step: 456 | loss: 5.2851 | toks/s: 5694.7
step: 457 | loss: 4.5981 | toks/s: 5638.3
step: 458 | loss: 5.2553 | toks/s: 5641.8
step: 459 | loss: 5.1384 | toks/s: 5681.8
step: 460 | loss: 4.9116 | toks/s: 5709.0
step: 461 | loss: 4.9381 | toks/s: 5688.5
step: 462 | loss: 4.9798 | toks/s: 5674.4
step: 463 | loss: 5.1025 | toks/s: 5166.0
step: 464 | loss: 4.4303 | toks/s: 5659.7
step: 465 | loss: 4.3529 | toks/s: 5663.9
step: 466 | loss: 5.1142 | toks/s: 5604.3
step: 467 | loss: 4.9717 | toks/s: 5727.7
step: 468 | loss: 4.8134 | toks/s: 5635.8
step: 469 | loss: 5.1804 | toks/s: 5633.1
step: 470 | loss: 5.4197 | toks/s: 5625.5
step: 471 | loss: 5.0142 | toks/s: 5622.5
step: 472 | loss: 4.5705 | toks/s: 5701.1
step: 473 | loss: 5.0440 | toks/s: 5626.5
step: 474 | loss: 5.0358 | toks/s: 5636.5
step: 475 | loss: 4.6026 | toks/s: 5640.6
step: 476 | loss: 5.1025 | toks/s: 5674.0
step: 477 | loss: 5.3007 | toks/s: 5616.7
step: 478 | loss: 4.7367 | toks/s: 5635.7
step: 479 | loss: 4.4489 | toks/s: 5664.7
step: 480 | loss: 5.0975 | toks/s: 5669.4
step: 481 | loss: 4.9293 | toks/s: 5669.8
step: 482 | loss: 4.5889 | toks/s: 5621.1
step: 483 | loss: 4.8611 | toks/s: 5132.7
step: 484 | loss: 4.9664 | toks/s: 5669.0
step: 485 | loss: 4.9308 | toks/s: 5634.4
step: 486 | loss: 5.3878 | toks/s: 5678.2
step: 487 | loss: 5.2228 | toks/s: 5613.9
step: 488 | loss: 4.8838 | toks/s: 5629.8
step: 489 | loss: 5.3460 | toks/s: 5658.5
step: 490 | loss: 4.9298 | toks/s: 5641.4
step: 491 | loss: 5.2445 | toks/s: 5627.7
step: 492 | loss: 4.8636 | toks/s: 5612.0
step: 493 | loss: 4.6828 | toks/s: 5598.9
step: 494 | loss: 4.7366 | toks/s: 5677.3
step: 495 | loss: 4.6579 | toks/s: 5632.1
step: 496 | loss: 4.9601 | toks/s: 5664.2
step: 497 | loss: 5.2421 | toks/s: 5615.7
step: 498 | loss: 5.2804 | toks/s: 5659.4
step: 499 | loss: 4.7752 | toks/s: 5630.7
step: 500 | loss: 4.9342 | toks/s: 5655.1
step: 501 | loss: 4.9176 | toks/s: 5592.2